\BOOKMARK [1][-]{section*.2}{\376\377\000D\000e\000d\000i\000c\000a\000t\000i\000o\000n}{}% 1
\BOOKMARK [1][-]{section*.3}{\376\377\000A\000c\000k\000n\000o\000w\000l\000e\000d\000g\000m\000e\000n\000t\000s}{}% 2
\BOOKMARK [1][-]{section*.4}{\376\377\000A\000b\000s\000t\000r\000a\000c\000t}{}% 3
\BOOKMARK [1][-]{section*.5}{\376\377\000L\000i\000s\000t\000\040\000o\000f\000\040\000A\000b\000b\000r\000e\000v\000i\000a\000t\000i\000o\000n\000s}{}% 4
\BOOKMARK [1][-]{section*.6}{\376\377\000G\000e\000n\000e\000r\000a\000l\000\040\000I\000n\000t\000r\000o\000d\000u\000c\000t\000i\000o\000n}{}% 5
\BOOKMARK [0][-]{section*.7}{\376\377\000C\000h\000a\000p\000t\000e\000r\000\040\000I\000:\000\040\000G\000e\000n\000e\000r\000a\000l\000\040\000P\000r\000o\000j\000e\000c\000t\000\040\000C\000o\000n\000t\000e\000x\000t}{}% 6
\BOOKMARK [1][-]{section.1.1}{\376\377\000I\000n\000t\000e\000r\000n\000s\000h\000i\000p\000\040\000E\000n\000v\000i\000r\000o\000n\000m\000e\000n\000t}{section*.7}% 7
\BOOKMARK [1][-]{section.1.2}{\376\377\000P\000r\000o\000j\000e\000c\000t\000\040\000P\000r\000e\000s\000e\000n\000t\000a\000t\000i\000o\000n}{section*.7}% 8
\BOOKMARK [2][-]{subsection.1.2.1}{\376\377\000P\000r\000o\000b\000l\000e\000m\000\040\000S\000t\000a\000t\000e\000m\000e\000n\000t}{section.1.2}% 9
\BOOKMARK [2][-]{subsection.1.2.2}{\376\377\000P\000r\000o\000p\000o\000s\000e\000d\000\040\000S\000o\000l\000u\000t\000i\000o\000n\000s}{section.1.2}% 10
\BOOKMARK [1][-]{section.1.3}{\376\377\000P\000r\000o\000j\000e\000c\000t\000\040\000P\000l\000a\000n\000n\000i\000n\000g}{section*.7}% 11
\BOOKMARK [2][-]{subsection.1.3.1}{\376\377\000D\000e\000v\000e\000l\000o\000p\000m\000e\000n\000t\000\040\000M\000e\000t\000h\000o\000d\000o\000l\000o\000g\000y}{section.1.3}% 12
\BOOKMARK [2][-]{subsection.1.3.2}{\376\377\000D\000e\000v\000e\000l\000o\000p\000m\000e\000n\000t\000\040\000P\000h\000a\000s\000e\000s}{section.1.3}% 13
\BOOKMARK [1][-]{section.1.4}{\376\377\000C\000o\000n\000c\000l\000u\000s\000i\000o\000n}{section*.7}% 14
\BOOKMARK [0][-]{section*.10}{\376\377\000C\000h\000a\000p\000t\000e\000r\000\040\000I\000I\000:\000\040\000N\000e\000e\000d\000s\000\040\000A\000n\000a\000l\000y\000s\000i\000s}{}% 15
\BOOKMARK [1][-]{section.2.1}{\376\377\000I\000n\000t\000r\000o\000d\000u\000c\000t\000i\000o\000n}{section*.10}% 16
\BOOKMARK [1][-]{section.2.2}{\376\377\000N\000e\000e\000d\000s\000\040\000I\000d\000e\000n\000t\000i\000f\000i\000c\000a\000t\000i\000o\000n}{section*.10}% 17
\BOOKMARK [1][-]{section.2.3}{\376\377\000F\000u\000n\000c\000t\000i\000o\000n\000a\000l\000\040\000R\000e\000q\000u\000i\000r\000e\000m\000e\000n\000t\000s\000\040\000S\000p\000e\000c\000i\000f\000i\000c\000a\000t\000i\000o\000n}{section*.10}% 18
\BOOKMARK [1][-]{section.2.4}{\376\377\000N\000o\000n\000-\000F\000u\000n\000c\000t\000i\000o\000n\000a\000l\000\040\000R\000e\000q\000u\000i\000r\000e\000m\000e\000n\000t\000s\000\040\000S\000p\000e\000c\000i\000f\000i\000c\000a\000t\000i\000o\000n}{section*.10}% 19
\BOOKMARK [1][-]{section.2.5}{\376\377\000C\000o\000n\000c\000l\000u\000s\000i\000o\000n}{section*.10}% 20
\BOOKMARK [0][-]{section*.11}{\376\377\000C\000h\000a\000p\000t\000e\000r\000\040\000I\000I\000I\000:\000\040\000D\000e\000s\000i\000g\000n\000\040\000a\000n\000d\000\040\000A\000r\000c\000h\000i\000t\000e\000c\000t\000u\000r\000e}{}% 21
\BOOKMARK [1][-]{section.3.1}{\376\377\000G\000e\000n\000e\000r\000a\000l\000\040\000S\000y\000s\000t\000e\000m\000\040\000A\000r\000c\000h\000i\000t\000e\000c\000t\000u\000r\000e}{section*.11}% 22
\BOOKMARK [1][-]{section.3.2}{\376\377\000D\000a\000t\000a\000\040\000M\000o\000d\000e\000l}{section*.11}% 23
\BOOKMARK [1][-]{section.3.3}{\376\377\000D\000e\000t\000a\000i\000l\000e\000d\000\040\000T\000e\000c\000h\000n\000i\000c\000a\000l\000\040\000A\000r\000c\000h\000i\000t\000e\000c\000t\000u\000r\000e}{section*.11}% 24
\BOOKMARK [2][-]{subsection.3.3.1}{\376\377\000B\000a\000c\000k\000e\000n\000d\000\040\000A\000r\000c\000h\000i\000t\000e\000c\000t\000u\000r\000e\000\040\000\050\000S\000p\000r\000i\000n\000g\000\040\000B\000o\000o\000t\000\051}{section.3.3}% 25
\BOOKMARK [2][-]{subsection.3.3.2}{\376\377\000F\000r\000o\000n\000t\000e\000n\000d\000\040\000A\000r\000c\000h\000i\000t\000e\000c\000t\000u\000r\000e\000\040\000\050\000R\000e\000a\000c\000t\000\051}{section.3.3}% 26
\BOOKMARK [1][-]{section.3.4}{\376\377\000A\000t\000t\000e\000s\000t\000a\000t\000i\000o\000n\000\040\000G\000e\000n\000e\000r\000a\000t\000i\000o\000n\000\040\000F\000l\000o\000w}{section*.11}% 27
\BOOKMARK [1][-]{section.3.5}{\376\377\000C\000o\000n\000c\000l\000u\000s\000i\000o\000n}{section*.11}% 28
\BOOKMARK [0][-]{section*.18}{\376\377\000C\000h\000a\000p\000t\000e\000r\000\040\000I\000V\000:\000\040\000I\000m\000p\000l\000e\000m\000e\000n\000t\000a\000t\000i\000o\000n}{}% 29
\BOOKMARK [1][-]{section.4.1}{\376\377\000T\000o\000o\000l\000s\000\040\000U\000s\000e\000d}{section*.18}% 30
\BOOKMARK [2][-]{subsection.4.1.1}{\376\377\000B\000a\000c\000k\000e\000n\000d\000\040\000T\000e\000c\000h\000n\000o\000l\000o\000g\000i\000e\000s\000:}{section.4.1}% 31
\BOOKMARK [2][-]{subsection.4.1.2}{\376\377\000F\000r\000o\000n\000t\000e\000n\000d\000\040\000T\000e\000c\000h\000n\000o\000l\000o\000g\000i\000e\000s\000:}{section.4.1}% 32
\BOOKMARK [2][-]{subsection.4.1.3}{\376\377\000D\000e\000v\000e\000l\000o\000p\000m\000e\000n\000t\000\040\000T\000o\000o\000l\000s\000:}{section.4.1}% 33
\BOOKMARK [1][-]{section.4.2}{\376\377\000B\000a\000c\000k\000e\000n\000d\000\040\000I\000m\000p\000l\000e\000m\000e\000n\000t\000a\000t\000i\000o\000n}{section*.18}% 34
\BOOKMARK [2][-]{subsection.4.2.1}{\376\377\000P\000r\000o\000j\000e\000c\000t\000\040\000S\000t\000r\000u\000c\000t\000u\000r\000e}{section.4.2}% 35
\BOOKMARK [2][-]{subsection.4.2.2}{\376\377\000D\000a\000t\000a\000b\000a\000s\000e\000\040\000C\000o\000n\000f\000i\000g\000u\000r\000a\000t\000i\000o\000n}{section.4.2}% 36
\BOOKMARK [2][-]{subsection.4.2.3}{\376\377\000R\000E\000S\000T\000\040\000A\000P\000I\000\040\000-\000\040\000E\000m\000p\000l\000o\000y\000e\000e\000\040\000M\000a\000n\000a\000g\000e\000m\000e\000n\000t}{section.4.2}% 37
\BOOKMARK [2][-]{subsection.4.2.4}{\376\377\000A\000t\000t\000e\000s\000t\000a\000t\000i\000o\000n\000\040\000G\000e\000n\000e\000r\000a\000t\000i\000o\000n\000\040\000S\000e\000r\000v\000i\000c\000e}{section.4.2}% 38
\BOOKMARK [1][-]{section.4.3}{\376\377\000F\000r\000o\000n\000t\000e\000n\000d\000\040\000I\000m\000p\000l\000e\000m\000e\000n\000t\000a\000t\000i\000o\000n}{section*.18}% 39
\BOOKMARK [2][-]{subsection.4.3.1}{\376\377\000C\000o\000m\000p\000o\000n\000e\000n\000t\000\040\000S\000t\000r\000u\000c\000t\000u\000r\000e}{section.4.3}% 40
\BOOKMARK [2][-]{subsection.4.3.2}{\376\377\000M\000a\000i\000n\000\040\000C\000o\000m\000p\000o\000n\000e\000n\000t\000\040\000-\000\040\000A\000p\000p\000.\000j\000s}{section.4.3}% 41
\BOOKMARK [2][-]{subsection.4.3.3}{\376\377\000A\000P\000I\000\040\000S\000e\000r\000v\000i\000c\000e\000\040\000-\000\040\000a\000p\000i\000.\000j\000s}{section.4.3}% 42
\BOOKMARK [2][-]{subsection.4.3.4}{\376\377\000T\000h\000e\000m\000e\000\040\000M\000a\000n\000a\000g\000e\000m\000e\000n\000t\000\040\000-\000\040\000T\000h\000e\000m\000e\000C\000o\000n\000t\000e\000x\000t\000.\000j\000s}{section.4.3}% 43
\BOOKMARK [1][-]{section.4.4}{\376\377\000T\000e\000s\000t\000i\000n\000g\000\040\000a\000n\000d\000\040\000Q\000u\000a\000l\000i\000t\000y}{section*.18}% 44
\BOOKMARK [2][-]{subsection.4.4.1}{\376\377\000B\000a\000c\000k\000e\000n\000d\000\040\000T\000e\000s\000t\000i\000n\000g}{section.4.4}% 45
\BOOKMARK [2][-]{subsection.4.4.2}{\376\377\000F\000r\000o\000n\000t\000e\000n\000d\000\040\000T\000e\000s\000t\000i\000n\000g}{section.4.4}% 46
\BOOKMARK [2][-]{subsection.4.4.3}{\376\377\000T\000e\000s\000t\000\040\000R\000e\000s\000u\000l\000t\000s}{section.4.4}% 47
\BOOKMARK [1][-]{section.4.5}{\376\377\000D\000e\000p\000l\000o\000y\000m\000e\000n\000t\000\040\000a\000n\000d\000\040\000C\000o\000n\000f\000i\000g\000u\000r\000a\000t\000i\000o\000n}{section*.18}% 48
\BOOKMARK [2][-]{subsection.4.5.1}{\376\377\000B\000u\000i\000l\000d\000\040\000a\000n\000d\000\040\000P\000a\000c\000k\000a\000g\000i\000n\000g}{section.4.5}% 49
\BOOKMARK [2][-]{subsection.4.5.2}{\376\377\000P\000r\000o\000d\000u\000c\000t\000i\000o\000n\000\040\000C\000o\000n\000f\000i\000g\000u\000r\000a\000t\000i\000o\000n}{section.4.5}% 50
\BOOKMARK [1][-]{section.4.6}{\376\377\000C\000o\000n\000c\000l\000u\000s\000i\000o\000n}{section*.18}% 51
\BOOKMARK [1][-]{section*.21}{\376\377\000G\000e\000n\000e\000r\000a\000l\000\040\000C\000o\000n\000c\000l\000u\000s\000i\000o\000n}{section*.18}% 52
