This is pdfTeX, Version 3.141592653-2.6-1.40.27 (MiKTeX 25.4) (preloaded format=pdflatex 2025.8.18)  9 SEP 2025 23:06
entering extended mode
 restricted \write18 enabled.
 file:line:error style messages enabled.
 %&-line parsing enabled.
**d:/Projects/RapportStage/rapportStage.tex
(d:/Projects/RapportStage/rapportStage.tex
LaTeX2e <2025-06-01> patch level 1
L3 programming layer <2025-07-20>
(C:\Users\HP\AppData\Local\Programs\MiKTeX\tex/latex/base\report.cls
Document Class: report 2025/01/22 v1.4n Standard LaTeX document class
(C:\Users\HP\AppData\Local\Programs\MiKTeX\tex/latex/base\size12.clo
File: size12.clo 2025/01/22 v1.4n Standard LaTeX file (size option)
)
\c@part=\count275
\c@chapter=\count276
\c@section=\count277
\c@subsection=\count278
\c@subsubsection=\count279
\c@paragraph=\count280
\c@subparagraph=\count281
\c@figure=\count282
\c@table=\count283
\abovecaptionskip=\skip49
\belowcaptionskip=\skip50
\bibindent=\dimen148
) (C:\Users\HP\AppData\Local\Programs\MiKTeX\tex/latex/base\inputenc.sty
Package: inputenc 2024/02/08 v1.3d Input encoding file
\inpenc@prehook=\toks17
\inpenc@posthook=\toks18
) (C:\Users\HP\AppData\Local\Programs\MiKTeX\tex/generic/babel\babel.sty
Package: babel 2025/08/03 v25.12 The multilingual framework for LuaLaTeX, pdfLaTeX and XeLaTeX
\babel@savecnt=\count284
LaTeX Encoding Info:    Redeclaring text command \ij (encoding OT1) on input line 2045.
LaTeX Encoding Info:    Redeclaring text command \IJ (encoding OT1) on input line 2047.
LaTeX Encoding Info:    Redeclaring text command \ij (encoding T1) on input line 2049.
LaTeX Encoding Info:    Redeclaring text command \IJ (encoding T1) on input line 2050.
LaTeX Encoding Info:    Ignoring declaration for text command \ij (encoding ?) on input line 2051.
LaTeX Encoding Info:    Ignoring declaration for text command \IJ (encoding ?) on input line 2053.
LaTeX Encoding Info:    Ignoring declaration for text command \SS (encoding ?) on input line 2078.
\U@D=\dimen149
\l@unhyphenated=\language79
 (C:\Users\HP\AppData\Local\Programs\MiKTeX\tex/generic/babel\txtbabel.def)
\bbl@readstream=\read2
\bbl@dirlevel=\count285

*************************************
* Local config file bblopts.cfg used
*
(C:\Users\HP\AppData\Local\Programs\MiKTeX\tex/latex/arabi\bblopts.cfg
File: bblopts.cfg 2005/09/08 v0.1 add Arabic and Farsi to "declared" options of babel
) (C:\Users\HP\AppData\Local\Programs\MiKTeX\tex/latex/babel-english\english.ldf
Language: english 2017/06/06 v3.3r English support from the babel system
 (C:\Users\HP\AppData\Local\Programs\MiKTeX\tex/generic/babel/locale/en\babel-english.tex
Package babel Info: Importing font and identification data for english
(babel)             from babel-en.ini. Reported on input line 12.
)
Package babel Info: Hyphen rules for 'canadian' set to \l@english
(babel)             (\language0). Reported on input line 102.
Package babel Info: Hyphen rules for 'australian' set to \l@ukenglish
(babel)             (\language73). Reported on input line 105.
Package babel Info: Hyphen rules for 'newzealand' set to \l@ukenglish
(babel)             (\language73). Reported on input line 108.
)) (C:\Users\HP\AppData\Local\Programs\MiKTeX\tex/latex/fancybox\fancybox.sty
Package: fancybox 2010/05/15 1.4

Style option: `fancybox' v1.4 <2010/05/15> (tvz)
\@fancybox=\box53
\shadowsize=\dimen150
\@Sbox=\box54
\do@VerbBox=\toks19
\the@fancyput=\toks20
\this@fancyput=\toks21
\EndVerbatimTokens=\toks22
\Verbatim@Outfile=\write3
\Verbatim@Infile=\read3
) (C:\Users\HP\AppData\Local\Programs\MiKTeX\tex/latex/base\fontenc.sty
Package: fontenc 2024/12/21 v2.1c Standard LaTeX package
) (C:\Users\HP\AppData\Local\Programs\MiKTeX\tex/latex/a4wide\a4wide.sty
Package: a4wide 1994/08/30
 (C:\Users\HP\AppData\Local\Programs\MiKTeX\tex/latex/ntgclass\a4.sty
Package: a4 2023/01/10 v1.2g A4 based page layout
)) (C:\Users\HP\AppData\Local\Programs\MiKTeX\tex/latex/graphics\graphicx.sty
Package: graphicx 2024/12/31 v1.2e Enhanced LaTeX Graphics (DPC,SPQR)
 (C:\Users\HP\AppData\Local\Programs\MiKTeX\tex/latex/graphics\keyval.sty
Package: keyval 2022/05/29 v1.15 key=value parser (DPC)
\KV@toks@=\toks23
) (C:\Users\HP\AppData\Local\Programs\MiKTeX\tex/latex/graphics\graphics.sty
Package: graphics 2024/08/06 v1.4g Standard LaTeX Graphics (DPC,SPQR)
 (C:\Users\HP\AppData\Local\Programs\MiKTeX\tex/latex/graphics\trig.sty
Package: trig 2023/12/02 v1.11 sin cos tan (DPC)
) (C:\Users\HP\AppData\Local\Programs\MiKTeX\tex/latex/graphics-cfg\graphics.cfg
File: graphics.cfg 2016/06/04 v1.11 sample graphics configuration
)
Package graphics Info: Driver file: pdftex.def on input line 106.
 (C:\Users\HP\AppData\Local\Programs\MiKTeX\tex/latex/graphics-def\pdftex.def
File: pdftex.def 2024/04/13 v1.2c Graphics/color driver for pdftex
))
\Gin@req@height=\dimen151
\Gin@req@width=\dimen152
) (C:\Users\HP\AppData\Local\Programs\MiKTeX\tex/latex/placeins\placeins.sty
Package: placeins 2005/04/18  v 2.2
) (C:\Users\HP\AppData\Local\Programs\MiKTeX\tex/latex/tools\array.sty
Package: array 2025/06/08 v2.6j Tabular extension package (FMi)
\col@sep=\dimen153
\ar@mcellbox=\box55
\extrarowheight=\dimen154
\NC@list=\toks24
\extratabsurround=\skip51
\backup@length=\skip52
\ar@cellbox=\box56
) (C:\Users\HP\AppData\Local\Programs\MiKTeX\tex/latex/adjustbox\adjustbox.sty
Package: adjustbox 2025/02/26 v1.3c Adjusting TeX boxes (trim, clip, ...)
 (C:\Users\HP\AppData\Local\Programs\MiKTeX\tex/latex/xkeyval\xkeyval.sty
Package: xkeyval 2022/06/16 v2.9 package option processing (HA)
 (C:\Users\HP\AppData\Local\Programs\MiKTeX\tex/generic/xkeyval\xkeyval.tex (C:\Users\HP\AppData\Local\Programs\MiKTeX\tex/generic/xkeyval\xkvutils.tex
\XKV@toks=\toks25
\XKV@tempa@toks=\toks26
)
\XKV@depth=\count286
File: xkeyval.tex 2014/12/03 v2.7a key=value parser (HA)
)) (C:\Users\HP\AppData\Local\Programs\MiKTeX\tex/latex/adjustbox\adjcalc.sty
Package: adjcalc 2012/05/16 v1.1 Provides advanced setlength with multiple back-ends (calc, etex, pgfmath)
) (C:\Users\HP\AppData\Local\Programs\MiKTeX\tex/latex/adjustbox\trimclip.sty
Package: trimclip 2025/02/21 v1.2a Trim and clip general TeX material
 (C:\Users\HP\AppData\Local\Programs\MiKTeX\tex/latex/collectbox\collectbox.sty
Package: collectbox 2022/10/17 v0.4c Collect macro arguments as boxes
\collectedbox=\box57
)
\tc@llx=\dimen155
\tc@lly=\dimen156
\tc@urx=\dimen157
\tc@ury=\dimen158
Package trimclip Info: Using driver 'tc-pdftex.def'.
 (C:\Users\HP\AppData\Local\Programs\MiKTeX\tex/latex/adjustbox\tc-pdftex.def
File: tc-pdftex.def 2025/02/26 v2.3 Clipping driver for pdftex
))
\adjbox@Width=\dimen159
\adjbox@Height=\dimen160
\adjbox@Depth=\dimen161
\adjbox@Totalheight=\dimen162
\adjbox@pwidth=\dimen163
\adjbox@pheight=\dimen164
\adjbox@pdepth=\dimen165
\adjbox@ptotalheight=\dimen166
 (C:\Users\HP\AppData\Local\Programs\MiKTeX\tex/latex/ifoddpage\ifoddpage.sty
Package: ifoddpage 2022/10/18 v1.2 Conditionals for odd/even page detection
\c@checkoddpage=\count287
) (C:\Users\HP\AppData\Local\Programs\MiKTeX\tex/latex/varwidth\varwidth.sty
Package: varwidth 2009/03/30 ver 0.92;  Variable-width minipages
\@vwid@box=\box58
\sift@deathcycles=\count288
\@vwid@loff=\dimen167
\@vwid@roff=\dimen168
)
==> First Aid for varwidth.sty applied!
) (C:\Users\HP\AppData\Local\Programs\MiKTeX\tex/latex/tools\tabularx.sty
Package: tabularx 2023/12/11 v2.12a `tabularx' package (DPC)
\TX@col@width=\dimen169
\TX@old@table=\dimen170
\TX@old@col=\dimen171
\TX@target=\dimen172
\TX@delta=\dimen173
\TX@cols=\count289
\TX@ftn=\toks27
) (C:\Users\HP\AppData\Local\Programs\MiKTeX\tex/latex/xcolor\xcolor.sty
Package: xcolor 2024/09/29 v3.02 LaTeX color extensions (UK)
 (C:\Users\HP\AppData\Local\Programs\MiKTeX\tex/latex/graphics-cfg\color.cfg
File: color.cfg 2016/01/02 v1.6 sample color configuration
)
Package xcolor Info: Driver file: pdftex.def on input line 274.
 (C:\Users\HP\AppData\Local\Programs\MiKTeX\tex/latex/graphics\mathcolor.ltx)
Package xcolor Info: Model `cmy' substituted by `cmy0' on input line 1349.
Package xcolor Info: Model `hsb' substituted by `rgb' on input line 1353.
Package xcolor Info: Model `RGB' extended on input line 1365.
Package xcolor Info: Model `HTML' substituted by `rgb' on input line 1367.
Package xcolor Info: Model `Hsb' substituted by `hsb' on input line 1368.
Package xcolor Info: Model `tHsb' substituted by `hsb' on input line 1369.
Package xcolor Info: Model `HSB' substituted by `hsb' on input line 1370.
Package xcolor Info: Model `Gray' substituted by `gray' on input line 1371.
Package xcolor Info: Model `wave' substituted by `hsb' on input line 1372.
) (C:\Users\HP\AppData\Local\Programs\MiKTeX\tex/latex/colortbl\colortbl.sty
Package: colortbl 2024/10/29 v1.0k Color table columns (DPC)
\everycr=\toks28
\minrowclearance=\skip53
\rownum=\count290
) (C:\Users\HP\AppData\Local\Programs\MiKTeX\tex/latex/wrapfig\wrapfig.sty
\wrapoverhang=\dimen174
\WF@size=\dimen175
\c@WF@wrappedlines=\count291
\WF@box=\box59
\WF@everypar=\toks29
Package: wrapfig 2003/01/31  v 3.6
) (C:\Users\HP\AppData\Local\Programs\MiKTeX\tex/latex/caption\subcaption.sty
Package: subcaption 2023/07/28 v1.6b Sub-captions (AR)
 (C:\Users\HP\AppData\Local\Programs\MiKTeX\tex/latex/caption\caption.sty
Package: caption 2023/08/05 v3.6o Customizing captions (AR)
 (C:\Users\HP\AppData\Local\Programs\MiKTeX\tex/latex/caption\caption3.sty
Package: caption3 2023/07/31 v2.4d caption3 kernel (AR)
\caption@tempdima=\dimen176
\captionmargin=\dimen177
\caption@leftmargin=\dimen178
\caption@rightmargin=\dimen179
\caption@width=\dimen180
\caption@indent=\dimen181
\caption@parindent=\dimen182
\caption@hangindent=\dimen183
Package caption Info: Standard document class detected.
)
\c@caption@flags=\count292
\c@continuedfloat=\count293
Package caption Info: wrapfig package is loaded.
)
Package caption Info: New subtype `subfigure' on input line 238.
\c@subfigure=\count294
Package caption Info: New subtype `subtable' on input line 238.
\c@subtable=\count295
) (C:\Users\HP\AppData\Local\Programs\MiKTeX\tex/latex/tools\longtable.sty
Package: longtable 2024-12-18 v4.23 Multi-page Table package (DPC)
\LTleft=\skip54
\LTright=\skip55
\LTpre=\skip56
\LTpost=\skip57
\LTchunksize=\count296
\LTcapwidth=\dimen184
\LT@head=\box60
\LT@firsthead=\box61
\LT@foot=\box62
\LT@lastfoot=\box63
\LT@gbox=\box64
\LT@cols=\count297
\LT@rows=\count298
\c@LT@tables=\count299
\c@LT@chunks=\count300
\LT@p@ftn=\toks30
) (C:\Users\HP\AppData\Local\Programs\MiKTeX\tex/latex/float\float.sty
Package: float 2001/11/08 v1.3d Float enhancements (AL)
\c@float@type=\count301
\float@exts=\toks31
\float@box=\box65
\@float@everytoks=\toks32
\@floatcapt=\box66
) (C:\Users\HP\AppData\Local\Programs\MiKTeX\tex/latex/graphics\lscape.sty
Package: lscape 2020/05/28 v3.02 Landscape Pages (DPC)
) (C:\Users\HP\AppData\Local\Programs\MiKTeX\tex/latex/tools\afterpage.sty
Package: afterpage 2023/07/04 v1.08 After-Page Package (DPC)
\AP@output=\toks33
\AP@partial=\box67
\AP@footins=\box68
) (C:\Users\HP\AppData\Local\Programs\MiKTeX\tex/latex/graphics\rotating.sty
Package: rotating 2025/01/14 v2.16e rotated objects in LaTeX
 (C:\Users\HP\AppData\Local\Programs\MiKTeX\tex/latex/base\ifthen.sty
Package: ifthen 2024/03/16 v1.1e Standard LaTeX ifthen package (DPC)
)
\c@r@tfl@t=\count302
\rotFPtop=\skip58
\rotFPbot=\skip59
\rot@float@box=\box69
\rot@mess@toks=\toks34
) (C:\Users\HP\AppData\Local\Programs\MiKTeX\tex/latex/tocbibind\tocbibind.sty
Package: tocbibind 2010/10/13 v1.5k extra ToC listings
Package tocbibind Info: The document has chapter divisions on input line 50.


Package tocbibind Note: Using chapter style headings, unless overridden.

) (C:\Users\HP\AppData\Local\Programs\MiKTeX\tex/latex/tocloft\tocloft.sty
Package: tocloft 2017/08/31 v2.3i parameterised ToC, etc., typesetting
Package tocloft Info: The document has chapter divisions on input line 51.
\cftparskip=\skip60
\cftbeforetoctitleskip=\skip61
\cftaftertoctitleskip=\skip62
\cftbeforepartskip=\skip63
\cftpartnumwidth=\skip64
\cftpartindent=\skip65
\cftbeforechapskip=\skip66
\cftchapindent=\skip67
\cftchapnumwidth=\skip68
\cftbeforesecskip=\skip69
\cftsecindent=\skip70
\cftsecnumwidth=\skip71
\cftbeforesubsecskip=\skip72
\cftsubsecindent=\skip73
\cftsubsecnumwidth=\skip74
\cftbeforesubsubsecskip=\skip75
\cftsubsubsecindent=\skip76
\cftsubsubsecnumwidth=\skip77
\cftbeforeparaskip=\skip78
\cftparaindent=\skip79
\cftparanumwidth=\skip80
\cftbeforesubparaskip=\skip81
\cftsubparaindent=\skip82
\cftsubparanumwidth=\skip83
\cftbeforeloftitleskip=\skip84
\cftafterloftitleskip=\skip85
\cftbeforefigskip=\skip86
\cftfigindent=\skip87
\cftfignumwidth=\skip88
\c@lofdepth=\count303
\c@lotdepth=\count304
\cftbeforelottitleskip=\skip89
\cftafterlottitleskip=\skip90
\cftbeforetabskip=\skip91
\cfttabindent=\skip92
\cfttabnumwidth=\skip93
) (C:\Users\HP\AppData\Local\Programs\MiKTeX\tex/latex/pdfpages\pdfpages.sty
Package: pdfpages 2025/07/23 v0.6g Insert pages of external PDF documents (AM)
 (C:\Users\HP\AppData\Local\Programs\MiKTeX\tex/latex/tools\calc.sty
Package: calc 2025/03/01 v4.3b Infix arithmetic (KKT,FJ)
\calc@Acount=\count305
\calc@Bcount=\count306
\calc@Adimen=\dimen185
\calc@Bdimen=\dimen186
\calc@Askip=\skip94
\calc@Bskip=\skip95
LaTeX Info: Redefining \setlength on input line 86.
LaTeX Info: Redefining \addtolength on input line 87.
\calc@Ccount=\count307
\calc@Cskip=\skip96
) (C:\Users\HP\AppData\Local\Programs\MiKTeX\tex/latex/eso-pic\eso-pic.sty
Package: eso-pic 2023/05/03 v3.0c eso-pic (RN)
\ESO@tempdima=\dimen187
\ESO@tempdimb=\dimen188
) (C:\Users\HP\AppData\Local\Programs\MiKTeX\tex/latex/etoolbox\etoolbox.sty
Package: etoolbox 2025/02/11 v2.5l e-TeX tools for LaTeX (JAW)
\etb@tempcnta=\count308
)
\AM@pagewidth=\dimen189
\AM@pageheight=\dimen190
\AM@fboxrule=\dimen191
 (C:\Users\HP\AppData\Local\Programs\MiKTeX\tex/latex/pdfpages\pppdftex.def
File: pppdftex.def 2025/07/23 v0.6g Pdfpages driver for pdfTeX (AM)
)
\pdfpages@includegraphics@status=\count309
\AM@pagebox=\box70
\AM@global@opts=\toks35
\AM@pagecnt=\count310
\AM@toc@title=\toks36
\AM@lof@heading=\toks37
\c@AM@survey=\count311
\AM@templatesizebox=\box71
) (C:\Users\HP\AppData\Local\Programs\MiKTeX\tex/generic/iftex\ifpdf.sty
Package: ifpdf 2019/10/25 v3.4 ifpdf legacy package. Use iftex instead.
 (C:\Users\HP\AppData\Local\Programs\MiKTeX\tex/generic/iftex\iftex.sty
Package: iftex 2024/12/12 v1.0g TeX engine tests
)) (C:\Users\HP\AppData\Local\Programs\MiKTeX\tex/latex/amsmath\amsmath.sty
Package: amsmath 2025/06/16 v2.17y AMS math features
\@mathmargin=\skip97

For additional information on amsmath, use the `?' option.
(C:\Users\HP\AppData\Local\Programs\MiKTeX\tex/latex/amsmath\amstext.sty
Package: amstext 2024/11/17 v2.01 AMS text
 (C:\Users\HP\AppData\Local\Programs\MiKTeX\tex/latex/amsmath\amsgen.sty
File: amsgen.sty 1999/11/30 v2.0 generic functions
\@emptytoks=\toks38
\ex@=\dimen192
)) (C:\Users\HP\AppData\Local\Programs\MiKTeX\tex/latex/amsmath\amsbsy.sty
Package: amsbsy 1999/11/29 v1.2d Bold Symbols
\pmbraise@=\dimen193
) (C:\Users\HP\AppData\Local\Programs\MiKTeX\tex/latex/amsmath\amsopn.sty
Package: amsopn 2022/04/08 v2.04 operator names
)
\inf@bad=\count312
LaTeX Info: Redefining \frac on input line 233.
\uproot@=\count313
\leftroot@=\count314
LaTeX Info: Redefining \overline on input line 398.
LaTeX Info: Redefining \colon on input line 409.
\classnum@=\count315
\DOTSCASE@=\count316
LaTeX Info: Redefining \ldots on input line 495.
LaTeX Info: Redefining \dots on input line 498.
LaTeX Info: Redefining \cdots on input line 619.
\Mathstrutbox@=\box72
\strutbox@=\box73
LaTeX Info: Redefining \big on input line 721.
LaTeX Info: Redefining \Big on input line 722.
LaTeX Info: Redefining \bigg on input line 723.
LaTeX Info: Redefining \Bigg on input line 724.
\big@size=\dimen194
LaTeX Font Info:    Redeclaring font encoding OML on input line 742.
LaTeX Font Info:    Redeclaring font encoding OMS on input line 743.
\macc@depth=\count317
LaTeX Info: Redefining \bmod on input line 904.
LaTeX Info: Redefining \pmod on input line 909.
LaTeX Info: Redefining \smash on input line 939.
LaTeX Info: Redefining \relbar on input line 969.
LaTeX Info: Redefining \Relbar on input line 970.
\c@MaxMatrixCols=\count318
\dotsspace@=\muskip17
\c@parentequation=\count319
\dspbrk@lvl=\count320
\tag@help=\toks39
\row@=\count321
\column@=\count322
\maxfields@=\count323
\andhelp@=\toks40
\eqnshift@=\dimen195
\alignsep@=\dimen196
\tagshift@=\dimen197
\tagwidth@=\dimen198
\totwidth@=\dimen199
\lineht@=\dimen256
\@envbody=\toks41
\multlinegap=\skip98
\multlinetaggap=\skip99
\mathdisplay@stack=\toks42
LaTeX Info: Redefining \[ on input line 2949.
LaTeX Info: Redefining \] on input line 2950.
) (C:\Users\HP\AppData\Local\Programs\MiKTeX\tex/latex/base\makeidx.sty
Package: makeidx 2021/10/04 v1.0m Standard LaTeX package
) (C:\Users\HP\AppData\Local\Programs\MiKTeX\tex/latex/setspace\setspace.sty
Package: setspace 2022/12/04 v6.7b set line spacing
) (C:\Users\HP\AppData\Local\Programs\MiKTeX\tex/latex/epstopdf-pkg\epstopdf.sty
Package: epstopdf 2020-01-24 v2.11 Conversion with epstopdf on the fly (HO)
 (C:\Users\HP\AppData\Local\Programs\MiKTeX\tex/generic/infwarerr\infwarerr.sty
Package: infwarerr 2019/12/03 v1.5 Providing info/warning/error messages (HO)
) (C:\Users\HP\AppData\Local\Programs\MiKTeX\tex/latex/grfext\grfext.sty
Package: grfext 2019/12/03 v1.3 Manage graphics extensions (HO)
 (C:\Users\HP\AppData\Local\Programs\MiKTeX\tex/generic/kvdefinekeys\kvdefinekeys.sty
Package: kvdefinekeys 2019-12-19 v1.6 Define keys (HO)
)) (C:\Users\HP\AppData\Local\Programs\MiKTeX\tex/latex/kvoptions\kvoptions.sty
Package: kvoptions 2022-06-15 v3.15 Key value format for package options (HO)
 (C:\Users\HP\AppData\Local\Programs\MiKTeX\tex/generic/ltxcmds\ltxcmds.sty
Package: ltxcmds 2023-12-04 v1.26 LaTeX kernel commands for general use (HO)
) (C:\Users\HP\AppData\Local\Programs\MiKTeX\tex/latex/kvsetkeys\kvsetkeys.sty
Package: kvsetkeys 2022-10-05 v1.19 Key value parser (HO)
)) (C:\Users\HP\AppData\Local\Programs\MiKTeX\tex/generic/pdftexcmds\pdftexcmds.sty
Package: pdftexcmds 2020-06-27 v0.33 Utility functions of pdfTeX for LuaTeX (HO)
Package pdftexcmds Info: \pdf@primitive is available.
Package pdftexcmds Info: \pdf@ifprimitive is available.
Package pdftexcmds Info: \pdfdraftmode found.
) (C:\Users\HP\AppData\Local\Programs\MiKTeX\tex/latex/epstopdf-pkg\epstopdf-base.sty
Package: epstopdf-base 2020-01-24 v2.11 Base part for package epstopdf
Package epstopdf-base Info: Redefining graphics rule for `.eps' on input line 485.
Package grfext Info: Graphics extension search list:
(grfext)             [.pdf,.png,.jpg,.mps,.jpeg,.jbig2,.jb2,.PDF,.PNG,.JPG,.JPEG,.JBIG2,.JB2,.eps]
(grfext)             \AppendGraphicsExtensions on input line 504.
 (C:\Users\HP\AppData\Local\Programs\MiKTeX\tex/latex/00miktex\epstopdf-sys.cfg
File: epstopdf-sys.cfg 2021/03/18 v2.0 Configuration of epstopdf for MiKTeX
))) (C:\Users\HP\AppData\Local\Programs\MiKTeX\tex/latex/eurosym\eurosym.sty
Package: eurosym 1998/08/06 v1.1 European currency symbol ``Euro''
\@eurobox=\box74
) (C:\Users\HP\AppData\Local\Programs\MiKTeX\tex/latex/geometry\geometry.sty
Package: geometry 2020/01/02 v5.9 Page Geometry
 (C:\Users\HP\AppData\Local\Programs\MiKTeX\tex/generic/iftex\ifvtex.sty
Package: ifvtex 2019/10/25 v1.7 ifvtex legacy package. Use iftex instead.
)
\Gm@cnth=\count324
\Gm@cntv=\count325
\c@Gm@tempcnt=\count326
\Gm@bindingoffset=\dimen257
\Gm@wd@mp=\dimen258
\Gm@odd@mp=\dimen259
\Gm@even@mp=\dimen260
\Gm@layoutwidth=\dimen261
\Gm@layoutheight=\dimen262
\Gm@layouthoffset=\dimen263
\Gm@layoutvoffset=\dimen264
\Gm@dimlist=\toks43
 (C:\Users\HP\AppData\Local\Programs\MiKTeX\tex/latex/geometry\geometry.cfg)) (C:\Users\HP\AppData\Local\Programs\MiKTeX\tex/latex/fancyhdr\fancyhdr.sty
Package: fancyhdr 2025/02/07 v5.2 Extensive control of page headers and footers
\f@nch@headwidth=\skip100
\f@nch@offset@elh=\skip101
\f@nch@offset@erh=\skip102
\f@nch@offset@olh=\skip103
\f@nch@offset@orh=\skip104
\f@nch@offset@elf=\skip105
\f@nch@offset@erf=\skip106
\f@nch@offset@olf=\skip107
\f@nch@offset@orf=\skip108
\f@nch@height=\skip109
\f@nch@footalignment=\skip110
\f@nch@widthL=\skip111
\f@nch@widthC=\skip112
\f@nch@widthR=\skip113
\@temptokenb=\toks44
) (C:\Users\HP\AppData\Local\Programs\MiKTeX\tex/latex/multirow\multirow.sty
Package: multirow 2024/11/12 v2.9 Span multiple rows of a table
\multirow@colwidth=\skip114
\multirow@cntb=\count327
\multirow@dima=\skip115
\bigstrutjot=\dimen265
) (C:\Users\HP\AppData\Local\Programs\MiKTeX\tex/latex/makecell\makecell.sty
Package: makecell 2009/08/03 V0.1e Managing of Tab Column Heads and Cells
\rotheadsize=\dimen266
\c@nlinenum=\count328
\TeXr@lab=\toks45
) (C:\Users\HP\AppData\Local\Programs\MiKTeX\tex/latex/blindtext\blindtext.sty
Package: blindtext 2012/01/06 V2.0 blindtext-Package
 (C:\Users\HP\AppData\Local\Programs\MiKTeX\tex/latex/tools\xspace.sty
Package: xspace 2014/10/28 v1.13 Space after command names (DPC,MH)
)
\c@blindtext=\count329
\c@Blindtext=\count330
\c@blind@countparstart=\count331
\blind@countxx=\count332
\blindtext@numBlindtext=\count333
\blind@countyy=\count334
\c@blindlist=\count335
\c@blindlistlevel=\count336
\c@blindlist@level=\count337
\blind@listitem=\count338
\c@blind@listcount=\count339
\c@blind@levelcount=\count340
\blind@mathformula=\count341
\blind@Mathformula=\count342
\c@blind@randomcount=\count343
\c@blind@randommax=\count344
\c@blind@pangramcount=\count345
\c@blind@pangrammax=\count346
)
\figureheight=\skip116
\figurewidth=\skip117
 (C:\Users\HP\AppData\Local\Programs\MiKTeX\tex/latex/hyperref\hyperref.sty
Package: hyperref 2025-07-12 v7.01o Hypertext links for LaTeX
 (C:\Users\HP\AppData\Local\Programs\MiKTeX\tex/generic/pdfescape\pdfescape.sty
Package: pdfescape 2019/12/09 v1.15 Implements pdfTeX's escape features (HO)
) (C:\Users\HP\AppData\Local\Programs\MiKTeX\tex/latex/hycolor\hycolor.sty
Package: hycolor 2020-01-27 v1.10 Color options for hyperref/bookmark (HO)
) (C:\Users\HP\AppData\Local\Programs\MiKTeX\tex/latex/hyperref\nameref.sty
Package: nameref 2025-06-21 v2.57 Cross-referencing by name of section
 (C:\Users\HP\AppData\Local\Programs\MiKTeX\tex/latex/refcount\refcount.sty
Package: refcount 2019/12/15 v3.6 Data extraction from label references (HO)
) (C:\Users\HP\AppData\Local\Programs\MiKTeX\tex/generic/gettitlestring\gettitlestring.sty
Package: gettitlestring 2019/12/15 v1.6 Cleanup title references (HO)
)
\c@section@level=\count347
) (C:\Users\HP\AppData\Local\Programs\MiKTeX\tex/generic/stringenc\stringenc.sty
Package: stringenc 2019/11/29 v1.12 Convert strings between diff. encodings (HO)
)
\@linkdim=\dimen267
\Hy@linkcounter=\count348
\Hy@pagecounter=\count349
 (C:\Users\HP\AppData\Local\Programs\MiKTeX\tex/latex/hyperref\pd1enc.def
File: pd1enc.def 2025-07-12 v7.01o Hyperref: PDFDocEncoding definition (HO)
Now handling font encoding PD1 ...
... no UTF-8 mapping file for font encoding PD1
) (C:\Users\HP\AppData\Local\Programs\MiKTeX\tex/generic/intcalc\intcalc.sty
Package: intcalc 2019/12/15 v1.3 Expandable calculations with integers (HO)
)
\Hy@SavedSpaceFactor=\count350
 (C:\Users\HP\AppData\Local\Programs\MiKTeX\tex/latex/hyperref\puenc.def
File: puenc.def 2025-07-12 v7.01o Hyperref: PDF Unicode definition (HO)
Now handling font encoding PU ...
... no UTF-8 mapping file for font encoding PU
)
Package hyperref Info: Hyper figures OFF on input line 4195.
Package hyperref Info: Link nesting OFF on input line 4200.
Package hyperref Info: Hyper index ON on input line 4203.
Package hyperref Info: Plain pages OFF on input line 4210.
Package hyperref Info: Backreferencing OFF on input line 4215.
Package hyperref Info: Implicit mode ON; LaTeX internals redefined.
Package hyperref Info: Bookmarks ON on input line 4462.
\c@Hy@tempcnt=\count351
 (C:\Users\HP\AppData\Local\Programs\MiKTeX\tex/latex/url\url.sty
\Urlmuskip=\muskip18
Package: url 2013/09/16  ver 3.4  Verb mode for urls, etc.
)
LaTeX Info: Redefining \url on input line 4801.
\XeTeXLinkMargin=\dimen268
 (C:\Users\HP\AppData\Local\Programs\MiKTeX\tex/generic/bitset\bitset.sty
Package: bitset 2019/12/09 v1.3 Handle bit-vector datatype (HO)
 (C:\Users\HP\AppData\Local\Programs\MiKTeX\tex/generic/bigintcalc\bigintcalc.sty
Package: bigintcalc 2019/12/15 v1.5 Expandable calculations on big integers (HO)
))
\Fld@menulength=\count352
\Field@Width=\dimen269
\Fld@charsize=\dimen270
Package hyperref Info: Hyper figures OFF on input line 6078.
Package hyperref Info: Link nesting OFF on input line 6083.
Package hyperref Info: Hyper index ON on input line 6086.
Package hyperref Info: backreferencing OFF on input line 6093.
Package hyperref Info: Link coloring OFF on input line 6098.
Package hyperref Info: Link coloring with OCG OFF on input line 6103.
Package hyperref Info: PDF/A mode OFF on input line 6108.
\Hy@abspage=\count353
\c@Item=\count354
\c@Hfootnote=\count355
)
Package hyperref Info: Driver: hpdftex.
 (C:\Users\HP\AppData\Local\Programs\MiKTeX\tex/latex/hyperref\hpdftex.def
File: hpdftex.def 2025-07-12 v7.01o Hyperref driver for pdfTeX
\Fld@listcount=\count356
\c@bookmark@seq@number=\count357
 (C:\Users\HP\AppData\Local\Programs\MiKTeX\tex/latex/rerunfilecheck\rerunfilecheck.sty
Package: rerunfilecheck 2025-06-21 v1.11 Rerun checks for auxiliary files (HO)
 (C:\Users\HP\AppData\Local\Programs\MiKTeX\tex/generic/uniquecounter\uniquecounter.sty
Package: uniquecounter 2019/12/15 v1.4 Provide unlimited unique counter (HO)
)
Package uniquecounter Info: New unique counter `rerunfilecheck' on input line 284.
)
\Hy@SectionHShift=\skip118
)
Package hyperref Info: Option `colorlinks' set `true' on input line 65.
 (C:\Users\HP\AppData\Local\Programs\MiKTeX\tex/latex/l3backend\l3backend-pdftex.def
File: l3backend-pdftex.def 2025-06-09 L3 backend support: PDF output (pdfTeX)
\l__color_backend_stack_int=\count358
) (rapportStage.aux)
\openout1 = `rapportStage.aux'.

LaTeX Font Info:    Checking defaults for OML/cmm/m/it on input line 85.
LaTeX Font Info:    ... okay on input line 85.
LaTeX Font Info:    Checking defaults for OMS/cmsy/m/n on input line 85.
LaTeX Font Info:    ... okay on input line 85.
LaTeX Font Info:    Checking defaults for OT1/cmr/m/n on input line 85.
LaTeX Font Info:    ... okay on input line 85.
LaTeX Font Info:    Checking defaults for T1/cmr/m/n on input line 85.
LaTeX Font Info:    ... okay on input line 85.
LaTeX Font Info:    Checking defaults for TS1/cmr/m/n on input line 85.
LaTeX Font Info:    ... okay on input line 85.
LaTeX Font Info:    Checking defaults for OMX/cmex/m/n on input line 85.
LaTeX Font Info:    ... okay on input line 85.
LaTeX Font Info:    Checking defaults for U/cmr/m/n on input line 85.
LaTeX Font Info:    ... okay on input line 85.
LaTeX Font Info:    Checking defaults for PD1/pdf/m/n on input line 85.
LaTeX Font Info:    ... okay on input line 85.
LaTeX Font Info:    Checking defaults for PU/pdf/m/n on input line 85.
LaTeX Font Info:    ... okay on input line 85.
 (C:\Users\HP\AppData\Local\Programs\MiKTeX\tex/context/base/mkii\supp-pdf.mkii
[Loading MPS to PDF converter (version 2006.09.02).]
\scratchcounter=\count359
\scratchdimen=\dimen271
\scratchbox=\box75
\nofMPsegments=\count360
\nofMParguments=\count361
\everyMPshowfont=\toks46
\MPscratchCnt=\count362
\MPscratchDim=\dimen272
\MPnumerator=\count363
\makeMPintoPDFobject=\count364
\everyMPtoPDFconversion=\toks47
)
Package caption Info: Begin \AtBeginDocument code.
Package caption Info: float package is loaded.
Package caption Info: hyperref package is loaded.
Package caption Info: longtable package is loaded.
 (C:\Users\HP\AppData\Local\Programs\MiKTeX\tex/latex/caption\ltcaption.sty
Package: ltcaption 2021/01/08 v1.4c longtable captions (AR)
)
Package caption Info: rotating package is loaded.
Package caption Info: End \AtBeginDocument code.
 (C:\Users\HP\AppData\Local\Programs\MiKTeX\tex/latex/pdflscape\pdflscape.sty
Package: pdflscape 2022-10-27 v0.13 Display of landscape pages in PDF
 (C:\Users\HP\AppData\Local\Programs\MiKTeX\tex/latex/pdflscape\pdflscape-nometadata.sty
Package: pdflscape-nometadata 2022-10-28 v0.13 Display of landscape pages in PDF (HO)
Package pdflscape Info: Auto-detected driver: pdftex on input line 81.
))
*geometry* driver: auto-detecting
*geometry* detected driver: pdftex
*geometry* verbose mode - [ preamble ] result:
* driver: pdftex
* paper: a4paper
* layout: <same size as paper>
* layoutoffset:(h,v)=(0.0pt,0.0pt)
* modes: 
* h-part:(L,W,R)=(42.67912pt, 497.92325pt, 56.9055pt)
* v-part:(T,H,B)=(85.35826pt, 674.33032pt, 85.35826pt)
* \paperwidth=597.50787pt
* \paperheight=845.04684pt
* \textwidth=497.92325pt
* \textheight=674.33032pt
* \oddsidemargin=-29.59087pt
* \evensidemargin=-29.59087pt
* \topmargin=-23.91173pt
* \headheight=16.0pt
* \headsep=25.0pt
* \topskip=12.0pt
* \footskip=30.0pt
* \marginparwidth=54.2025pt
* \marginparsep=10.0pt
* \columnsep=10.0pt
* \skip\footins=10.8pt plus 4.0pt minus 2.0pt
* \hoffset=0.0pt
* \voffset=0.0pt
* \mag=1000
* \@twocolumnfalse
* \@twosidefalse
* \@mparswitchfalse
* \@reversemarginfalse
* (1in=72.27pt=25.4mm, 1cm=28.453pt)

Package hyperref Info: Link coloring ON on input line 85.
(rapportStage.out) (rapportStage.out)
\@outlinefile=\write4
\openout4 = `rapportStage.out'.

<./assets/ensias.png, id=187, 293.095pt x 248.93pt>
File: ./assets/ensias.png Graphic file (type png)
<use ./assets/ensias.png>
Package pdftex.def Info: ./assets/ensias.png  used on input line 114.
(pdftex.def)             Requested size: 79.6668pt x 67.6602pt.
<./assets/DDS.png, id=189, 156.585pt x 184.43906pt>
File: ./assets/DDS.png Graphic file (type png)
<use ./assets/DDS.png>
Package pdftex.def Info: ./assets/DDS.png  used on input line 119.
(pdftex.def)             Requested size: 59.75047pt x 70.38025pt.
<./assets/um5.png, id=190, 143.78719pt x 143.03438pt>
File: ./assets/um5.png Graphic file (type png)
<use ./assets/um5.png>
Package pdftex.def Info: ./assets/um5.png  used on input line 123.
(pdftex.def)             Requested size: 99.58313pt x 99.06483pt.


[1

{C:/Users/HP/AppData/Local/MiKTeX/fonts/map/pdftex/pdftex.map} <./assets/ensias.png> <./assets/DDS.png> <./assets/um5.png>]


pdfTeX warning (ext4): destination with the same identifier (name{page.I}) has been already used, duplicate ignored
<to be read again> 
                   \relax 
l.212 \newpage
               [1]

[2]

[3]
Overfull \hbox (1.44542pt too wide) in paragraph at lines 279--281
\OT1/cmr/m/n/14.4 disponi-bilit^^Se, l'optimisation des per-for-mances et la s^^Securit^^Se, en int^^Segrant les bonnes
 []



[4]

[5] (rapportStage.toc

[6])
\tf@toc=\write5
\openout5 = `rapportStage.toc'.



[7] (rapportStage.lof)
\tf@lof=\write6
\openout6 = `rapportStage.lof'.



[8]
Overfull \hbox (7.33476pt too wide) in paragraph at lines 346--348
\OT1/cmr/m/n/12 Ensuring \OT1/cmr/bx/n/12 high avail-abil-ity, scal-a-bil-ity, and fault tol-er-ance \OT1/cmr/m/n/12 has be-come es-sen-tial for production-
 []


Underfull \hbox (badness 10000) in paragraph at lines 346--348

 []


Underfull \hbox (badness 10000) in paragraph at lines 349--352

 []


Underfull \hbox (badness 10000) in paragraph at lines 353--358

 []



[1

]
Underfull \hbox (badness 10000) in paragraph at lines 359--360

 []



[2]

[3]
Underfull \hbox (badness 10000) in paragraph at lines 394--395

 []

File: ./assets/DDS.png Graphic file (type png)
<use ./assets/DDS.png>
Package pdftex.def Info: ./assets/DDS.png  used on input line 396.
(pdftex.def)             Requested size: 99.58313pt x 117.30042pt.

Underfull \hbox (badness 10000) in paragraph at lines 396--397

 []



[4]
Overfull \hbox (6.01097pt too wide) in paragraph at lines 430--434
\OT1/cmr/m/n/12 Moreover, de-ploy-ing mul-ti-ple production-grade ser-vices like \OT1/cmr/bx/n/12 Ar-goCD\OT1/cmr/m/n/12 , \OT1/cmr/bx/n/12 Rancher\OT1/cmr/m/n/12 , \OT1/cmr/bx/n/12 Har-bor\OT1/cmr/m/n/12 , \OT1/cmr/bx/n/12 MinIO\OT1/cmr/m/n/12 ,
 []


Underfull \hbox (badness 10000) in paragraph at lines 436--438

 []



[5]
Underfull \hbox (badness 10000) in paragraph at lines 439--440

 []


Underfull \hbox (badness 10000) in paragraph at lines 441--442

 []


Underfull \hbox (badness 10000) in paragraph at lines 443--444

 []


Underfull \hbox (badness 10000) in paragraph at lines 445--446

 []


Underfull \hbox (badness 10000) in paragraph at lines 447--448

 []


Underfull \hbox (badness 10000) in paragraph at lines 449--450

 []



[6]
Underfull \hbox (badness 10000) in paragraph at lines 458--459

 []


Underfull \hbox (badness 10000) in paragraph at lines 460--461

 []


Underfull \hbox (badness 10000) in paragraph at lines 462--463

 []

<./assets/DDSGaint.png, id=340, 1460.45625pt x 374.39874pt>
File: ./assets/DDSGaint.png Graphic file (type png)
<use ./assets/DDSGaint.png>
Package pdftex.def Info: ./assets/DDSGaint.png  used on input line 467.
(pdftex.def)             Requested size: 497.92325pt x 127.64236pt.

Underfull \hbox (badness 10000) in paragraph at lines 464--469

 []



[7]
Underfull \hbox (badness 10000) in paragraph at lines 474--475

 []


Underfull \hbox (badness 10000) in paragraph at lines 476--477

 []


Underfull \hbox (badness 10000) in paragraph at lines 478--479

 []


Underfull \hbox (badness 10000) in paragraph at lines 480--481

 []



[8 <./assets/DDSGaint.png>]

[9]
Underfull \hbox (badness 10000) in paragraph at lines 503--504

 []


Underfull \hbox (badness 10000) in paragraph at lines 505--507

 []


Underfull \hbox (badness 10000) in paragraph at lines 508--510

 []


Underfull \hbox (badness 10000) in paragraph at lines 511--513

 []


Underfull \hbox (badness 10000) in paragraph at lines 514--516

 []



[10]
Underfull \hbox (badness 10000) in paragraph at lines 517--519

 []


Underfull \hbox (badness 10000) in paragraph at lines 520--522

 []


Underfull \hbox (badness 10000) in paragraph at lines 527--528

 []


Underfull \hbox (badness 10000) in paragraph at lines 529--531

 []


Underfull \hbox (badness 10000) in paragraph at lines 532--534

 []


Underfull \hbox (badness 10000) in paragraph at lines 535--537

 []


Underfull \hbox (badness 10000) in paragraph at lines 538--540

 []


Underfull \hbox (badness 10000) in paragraph at lines 541--543

 []


Underfull \hbox (badness 10000) in paragraph at lines 544--546

 []



[11]
Underfull \hbox (badness 10000) in paragraph at lines 547--549

 []


Underfull \hbox (badness 10000) in paragraph at lines 552--553

 []


Underfull \hbox (badness 10000) in paragraph at lines 580--581

 []



[12]
Underfull \hbox (badness 10000) in paragraph at lines 582--583

 []



[13]

[14]
<./assets/Harbor,Rancher,onecluster.png, id=376, 1563.8425pt x 1673.25125pt>
File: ./assets/Harbor,Rancher,onecluster.png Graphic file (type png)
<use ./assets/Harbor,Rancher,onecluster.png>
Package pdftex.def Info: ./assets/Harbor,Rancher,onecluster.png  used on input line 614.
(pdftex.def)             Requested size: 497.92325pt x 532.74498pt.


[15]

[16 <./assets/Harbor,Rancher,onecluster.png>]
Overfull \hbox (29.59457pt too wide) in paragraph at lines 623--624
 \OT1/cmr/m/n/12 To demon-strate the plat-form's ca-pa-bil-i-ties, we de-signed a \OT1/cmr/bx/n/12 Con-tin-u-ous In-te-gra-tion/Continuous
 []

<./assets/healthcore flow.png, id=388, 1134.2375pt x 514.92375pt>
File: ./assets/healthcore flow.png Graphic file (type png)
<use ./assets/healthcore flow.png>
Package pdftex.def Info: ./assets/healthcore flow.png  used on input line 630.
(pdftex.def)             Requested size: 497.92325pt x 226.04857pt.


[17]
<./assets/NeuroTalk workflow.png, id=393, 1630.09pt x 596.2275pt>
File: ./assets/NeuroTalk workflow.png Graphic file (type png)
<use ./assets/NeuroTalk workflow.png>
Package pdftex.def Info: ./assets/NeuroTalk workflow.png  used on input line 641.
(pdftex.def)             Requested size: 497.92325pt x 182.1175pt.


[18 <./assets/healthcore flow.png>]

[19 <./assets/NeuroTalk workflow.png>]

[20]
<./assets/k3s.png, id=408, 363.3575pt x 139.52126pt>
File: ./assets/k3s.png Graphic file (type png)
<use ./assets/k3s.png>
Package pdftex.def Info: ./assets/k3s.png  used on input line 695.
(pdftex.def)             Requested size: 99.58313pt x 38.23752pt.

Underfull \hbox (badness 10000) in paragraph at lines 686--697

 []


Underfull \hbox (badness 10000) in paragraph at lines 686--697

 []


Underfull \hbox (badness 10000) in paragraph at lines 686--697

 []

<./assets/rancher.png, id=409, 339.2675pt x 149.55875pt>
File: ./assets/rancher.png Graphic file (type png)
<use ./assets/rancher.png>
Package pdftex.def Info: ./assets/rancher.png  used on input line 704.
(pdftex.def)             Requested size: 99.58313pt x 43.89809pt.

Underfull \hbox (badness 10000) in paragraph at lines 698--706

 []


Underfull \hbox (badness 10000) in paragraph at lines 698--706

 []


Underfull \hbox (badness 10000) in paragraph at lines 698--706

 []



[21 <./assets/k3s.png> <./assets/rancher.png>]
<./assets/argocd.png, id=417, 361.35pt x 361.35pt>
File: ./assets/argocd.png Graphic file (type png)
<use ./assets/argocd.png>
Package pdftex.def Info: ./assets/argocd.png  used on input line 713.
(pdftex.def)             Requested size: 99.58313pt x 99.58383pt.

Underfull \hbox (badness 10000) in paragraph at lines 707--715

 []


Underfull \hbox (badness 10000) in paragraph at lines 707--715

 []


Underfull \hbox (badness 10000) in paragraph at lines 707--715

 []

<./assets/harbor.png, id=418, 602.25pt x 602.25pt>
File: ./assets/harbor.png Graphic file (type png)
<use ./assets/harbor.png>
Package pdftex.def Info: ./assets/harbor.png  used on input line 722.
(pdftex.def)             Requested size: 99.58313pt x 99.57831pt.

Underfull \hbox (badness 10000) in paragraph at lines 716--724

 []


Underfull \hbox (badness 10000) in paragraph at lines 716--724

 []


Underfull \hbox (badness 10000) in paragraph at lines 716--724

 []


Underfull \hbox (badness 1057) in paragraph at lines 726--728
\OT1/cmr/m/n/12 cor-rect ser-vices in-side the clus-ter. For ex-am-ple, re-quests to
 []

<./assets/NGINX.png, id=419, 513.92pt x 513.92pt>
File: ./assets/NGINX.png Graphic file (type png)
<use ./assets/NGINX.png>
Package pdftex.def Info: ./assets/NGINX.png  used on input line 731.
(pdftex.def)             Requested size: 99.58313pt x 99.58272pt.

Underfull \hbox (badness 10000) in paragraph at lines 725--733

 []


Underfull \hbox (badness 10000) in paragraph at lines 725--733

 []


Underfull \hbox (badness 10000) in paragraph at lines 725--733

 []

<./assets/minio.png, id=420, 2410.00375pt x 363.3575pt>
File: ./assets/minio.png Graphic file (type png)
<use ./assets/minio.png>
Package pdftex.def Info: ./assets/minio.png  used on input line 740.
(pdftex.def)             Requested size: 99.58313pt x 15.01418pt.

Underfull \hbox (badness 10000) in paragraph at lines 734--742

 []


Underfull \hbox (badness 10000) in paragraph at lines 734--742

 []


Underfull \hbox (badness 10000) in paragraph at lines 734--742

 []



[22 <./assets/argocd.png> <./assets/harbor.png> <./assets/NGINX.png>]
<./assets/postgresql.png, id=430, 996.72375pt x 1027.84pt>
File: ./assets/postgresql.png Graphic file (type png)
<use ./assets/postgresql.png>
Package pdftex.def Info: ./assets/postgresql.png  used on input line 749.
(pdftex.def)             Requested size: 99.58313pt x 102.68024pt.

Underfull \hbox (badness 10000) in paragraph at lines 743--751

 []


Underfull \hbox (badness 10000) in paragraph at lines 743--751

 []


Underfull \hbox (badness 10000) in paragraph at lines 743--751

 []

<./assets/yaml.jpg, id=431, 642.4pt x 642.4pt>
File: ./assets/yaml.jpg Graphic file (type jpg)
<use ./assets/yaml.jpg>
Package pdftex.def Info: ./assets/yaml.jpg  used on input line 762.
(pdftex.def)             Requested size: 99.58313pt x 99.58076pt.

Underfull \hbox (badness 10000) in paragraph at lines 754--764

 []


Underfull \hbox (badness 10000) in paragraph at lines 754--764

 []


Underfull \hbox (badness 10000) in paragraph at lines 754--764

 []

<./assets/bash.png, id=432, 225.84375pt x 225.84375pt>
File: ./assets/bash.png Graphic file (type png)
<use ./assets/bash.png>
Package pdftex.def Info: ./assets/bash.png  used on input line 771.
(pdftex.def)             Requested size: 99.58313pt x 99.5852pt.

Underfull \hbox (badness 10000) in paragraph at lines 765--773

 []



[23 <./assets/minio.png> <./assets/postgresql.png> <./assets/yaml.jpg>]
<./assets/helm.png, id=439, 349.305pt x 349.305pt>
File: ./assets/helm.png Graphic file (type png)
<use ./assets/helm.png>
Package pdftex.def Info: ./assets/helm.png  used on input line 783.
(pdftex.def)             Requested size: 99.58313pt x 99.58493pt.

Underfull \hbox (badness 10000) in paragraph at lines 775--785

 []


Underfull \hbox (badness 10000) in paragraph at lines 775--785

 []


Underfull \hbox (badness 10000) in paragraph at lines 775--785

 []



[24 <./assets/bash.png> <./assets/helm.png>]
<assets/Screenshot 2025-08-22 144839.png, id=446, 1430.34375pt x 727.96968pt>
File: assets/Screenshot 2025-08-22 144839.png Graphic file (type png)
<use assets/Screenshot 2025-08-22 144839.png>
Package pdftex.def Info: assets/Screenshot 2025-08-22 144839.png  used on input line 798.
(pdftex.def)             Requested size: 497.92325pt x 253.41582pt.
<assets/Screenshot 2025-08-22 144917.png, id=447, 1444.64719pt x 736.25063pt>
File: assets/Screenshot 2025-08-22 144917.png Graphic file (type png)
<use assets/Screenshot 2025-08-22 144917.png>
Package pdftex.def Info: assets/Screenshot 2025-08-22 144917.png  used on input line 806.
(pdftex.def)             Requested size: 497.92325pt x 253.75958pt.


[25 <./assets/Screenshot 2025-08-22 144839.png>]
<assets/Screenshot 2025-08-22 144941.png, id=453, 1442.38875pt x 734.745pt>
File: assets/Screenshot 2025-08-22 144941.png Graphic file (type png)
<use assets/Screenshot 2025-08-22 144941.png>
Package pdftex.def Info: assets/Screenshot 2025-08-22 144941.png  used on input line 815.
(pdftex.def)             Requested size: 497.92325pt x 253.63304pt.


[26 <./assets/Screenshot 2025-08-22 144917.png>]
<assets/Screenshot 2025-08-25 054803.png, id=459, 1431.09656pt x 730.22812pt>
File: assets/Screenshot 2025-08-25 054803.png Graphic file (type png)
<use assets/Screenshot 2025-08-25 054803.png>
Package pdftex.def Info: assets/Screenshot 2025-08-25 054803.png  used on input line 829.
(pdftex.def)             Requested size: 497.92325pt x 254.0683pt.


[27 <./assets/Screenshot 2025-08-22 144941.png>]
<assets/Screenshot 2025-08-22 145019.png, id=465, 1444.64719pt x 738.50906pt>
File: assets/Screenshot 2025-08-22 145019.png Graphic file (type png)
<use assets/Screenshot 2025-08-22 145019.png>
Package pdftex.def Info: assets/Screenshot 2025-08-22 145019.png  used on input line 837.
(pdftex.def)             Requested size: 497.92325pt x 254.538pt.
<assets/Screenshot 2025-08-22 145152.png, id=466, 1444.64719pt x 733.23938pt>
File: assets/Screenshot 2025-08-22 145152.png Graphic file (type png)
<use assets/Screenshot 2025-08-22 145152.png>
Package pdftex.def Info: assets/Screenshot 2025-08-22 145152.png  used on input line 845.
(pdftex.def)             Requested size: 497.92325pt x 252.72171pt.


[28 <./assets/Screenshot 2025-08-25 054803.png> <./assets/Screenshot 2025-08-22 145019.png>]
<assets/Screenshot 2025-08-13 144018.png, id=474, 1306.12968pt x 243.15843pt>
File: assets/Screenshot 2025-08-13 144018.png Graphic file (type png)
<use assets/Screenshot 2025-08-13 144018.png>
Package pdftex.def Info: assets/Screenshot 2025-08-13 144018.png  used on input line 853.
(pdftex.def)             Requested size: 497.92325pt x 92.69427pt.

Overfull \hbox (11.4913pt too wide) in paragraph at lines 850--855
 \OT1/cmr/m/n/12 State-ful com-po-nents (Har-bor, Post-greSQL, Re-dis, MinIO) use Per-sis-tentVol-ume-Claims (PVCs)
 []

<assets/Screenshot 2025-08-22 145703.png, id=475, 695.59875pt x 212.29312pt>
File: assets/Screenshot 2025-08-22 145703.png Graphic file (type png)
<use assets/Screenshot 2025-08-22 145703.png>
Package pdftex.def Info: assets/Screenshot 2025-08-22 145703.png  used on input line 861.
(pdftex.def)             Requested size: 497.92325pt x 151.96335pt.


[29 <./assets/Screenshot 2025-08-22 145152.png> <./assets/Screenshot 2025-08-13 144018.png>]
<assets/Screenshot 2025-08-22 145730.png, id=482, 721.19438pt x 142.28156pt>
File: assets/Screenshot 2025-08-22 145730.png Graphic file (type png)
<use assets/Screenshot 2025-08-22 145730.png>
Package pdftex.def Info: assets/Screenshot 2025-08-22 145730.png  used on input line 869.
(pdftex.def)             Requested size: 497.92325pt x 98.23299pt.
<assets/Screenshot 2025-08-11 213050.png, id=483, 914.66719pt x 133.24782pt>
File: assets/Screenshot 2025-08-11 213050.png Graphic file (type png)
<use assets/Screenshot 2025-08-11 213050.png>
Package pdftex.def Info: assets/Screenshot 2025-08-11 213050.png  used on input line 877.
(pdftex.def)             Requested size: 497.92325pt x 72.53627pt.


[30 <./assets/Screenshot 2025-08-22 145703.png> <./assets/Screenshot 2025-08-22 145730.png>]
<assets/Screenshot 2025-08-22 144903.png, id=490, 1444.64719pt x 738.50906pt>
File: assets/Screenshot 2025-08-22 144903.png Graphic file (type png)
<use assets/Screenshot 2025-08-22 144903.png>
Package pdftex.def Info: assets/Screenshot 2025-08-22 144903.png  used on input line 896.
(pdftex.def)             Requested size: 497.92325pt x 254.538pt.


[31 <./assets/Screenshot 2025-08-11 213050.png>]

[32 <./assets/Screenshot 2025-08-22 144903.png>]

[33]
Underfull \hbox (badness 10000) in paragraph at lines 940--941

 []


Underfull \hbox (badness 10000) in paragraph at lines 942--943

 []



[34]

[35]
Overfull \hbox (34.50616pt too wide) in paragraph at lines 993--994
[]\OT1/cmr/m/n/14.4 Rancher brand guide-lines (logo). [][]$\OT1/cmtt/m/n/14.4 https : / / www . rancher . com / brand-[]guidelines$[][]\OT1/cmr/m/n/14.4 .
 []


Overfull \hbox (28.74416pt too wide) in paragraph at lines 994--995
[]\OT1/cmr/m/n/14.4 Argo CD im-age. [][]$\OT1/cmtt/m/n/14.4 https : / / gitlab . com / gitlab-[]com / gl-[]infra / k8s-[]workloads /
 []


Overfull \hbox (20.9257pt too wide) in paragraph at lines 998--999
[]\OT1/cmr/m/n/14.4 PostgreSQL logo. [][]$\OT1/cmtt/m/n/14.4 https : / / commons . wikimedia . org / wiki / File : Postgresql _
 []


Overfull \hbox (41.2042pt too wide) in paragraph at lines 999--1000
[]\OT1/cmr/m/n/14.4 YAML file icon. [][]$\OT1/cmtt/m/n/14.4 https : / / fr . pngtree . com / freepng / yaml-[]file-[]document-[]icon _
 []



[36] (rapportStage.aux)
 ***********
LaTeX2e <2025-06-01> patch level 1
L3 programming layer <2025-07-20>
 ***********
Package rerunfilecheck Info: File `rapportStage.out' has not changed.
(rerunfilecheck)             Checksum: B662DE06B746C52A11635882296DFD23;7712.
 ) 
Here is how much of TeX's memory you used:
 17419 strings out of 468134
 288163 string characters out of 5432192
 723902 words of memory out of 5000000
 45614 multiletter control sequences out of 15000+600000
 636002 words of font info for 72 fonts, out of 8000000 for 9000
 1141 hyphenation exceptions out of 8191
 83i,13n,131p,746b,641s stack positions out of 10000i,1000n,20000p,200000b,200000s
 <C:\Users\HP\AppData\Local\MiKTeX\fonts/pk/ljfour/jknappen/ec/dpi600\tcrm1200.pk><C:/Users/HP/AppData/Local/Programs/MiKTeX/fonts/type1/public/amsfonts/cm/cmbx12.pfb><C:/Users/HP/AppData/Local/Programs/MiKTeX/fonts/type1/public/amsfonts/cm/cmcsc10.pfb><C:/Users/HP/AppData/Local/Programs/MiKTeX/fonts/type1/public/amsfonts/cm/cmmi12.pfb><C:/Users/HP/AppData/Local/Programs/MiKTeX/fonts/type1/public/amsfonts/cm/cmr12.pfb><C:/Users/HP/AppData/Local/Programs/MiKTeX/fonts/type1/public/amsfonts/cm/cmti12.pfb><C:/Users/HP/AppData/Local/Programs/MiKTeX/fonts/type1/public/amsfonts/cm/cmtt12.pfb>
Output written on rapportStage.pdf (45 pages, 1436041 bytes).
PDF statistics:
 607 PDF objects out of 1000 (max. 8388607)
 126 named destinations out of 1000 (max. 500000)
 509 words of extra memory for PDF output out of 10000 (max. 10000000)

