\BOOKMARK [1][-]{section*.2}{\376\377\000D\000e\000d\000i\000c\000a\000t\000i\000o\000n}{}% 1
\BOOKMARK [1][-]{section*.3}{\376\377\000T\000h\000a\000n\000k\000s}{}% 2
\BOOKMARK [1][-]{section*.4}{\376\377\000S\000u\000m\000m\000a\000r\000y}{}% 3
\BOOKMARK [1][-]{section*.5}{\376\377\000R\000\351\000s\000u\000m\000\351}{}% 4
\BOOKMARK [1][-]{section*.6}{\376\377\000A\000b\000b\000r\000e\000v\000i\000a\000t\000i\000o\000n\000s\000\040\000L\000i\000s\000t}{}% 5
\BOOKMARK [1][-]{section*.7}{\376\377\000G\000e\000n\000e\000r\000a\000l\000\040\000I\000n\000t\000r\000o\000d\000u\000c\000t\000i\000o\000n}{}% 6
\BOOKMARK [0][-]{section*.8}{\376\377\000C\000h\000a\000p\000t\000e\000r\000\040\000I\000\040\000:\000\040\000W\000o\000r\000k\000\040\000C\000o\000n\000t\000e\000x\000t}{}% 7
\BOOKMARK [1][-]{section.1.1}{\376\377\000I\000n\000t\000e\000r\000n\000s\000h\000i\000p\000\040\000E\000n\000v\000i\000r\000o\000n\000m\000e\000n\000t}{section*.8}% 8
\BOOKMARK [1][-]{section.1.2}{\376\377\000P\000r\000o\000j\000e\000c\000t\000\040\000P\000r\000e\000s\000e\000n\000t\000a\000t\000i\000o\000n}{section*.8}% 9
\BOOKMARK [2][-]{subsection.1.2.1}{\376\377\000P\000r\000o\000b\000l\000e\000m\000\040\000S\000t\000a\000t\000e\000m\000e\000n\000t}{section.1.2}% 10
\BOOKMARK [2][-]{subsection.1.2.2}{\376\377\000P\000r\000o\000p\000o\000s\000e\000d\000\040\000S\000o\000l\000u\000t\000i\000o\000n\000s}{section.1.2}% 11
\BOOKMARK [1][-]{section.1.3}{\376\377\000P\000r\000o\000j\000e\000c\000t\000\040\000P\000l\000a\000n\000n\000i\000n\000g\000\040\000\050\000G\000a\000n\000t\000t\000\040\000C\000h\000a\000r\000t\000\051\000:}{section*.8}% 12
\BOOKMARK [2][-]{subsection.1.3.1}{\376\377\000G\000a\000n\000t\000t\000\040\000C\000h\000a\000r\000t}{section.1.3}% 13
\BOOKMARK [1][-]{section.1.4}{\376\377\000C\000o\000n\000c\000l\000u\000s\000i\000o\000n}{section*.8}% 14
\BOOKMARK [0][-]{section*.12}{\376\377\000C\000h\000a\000p\000t\000e\000r\000\040\000I\000I\000:\000\040\000N\000e\000e\000d\000s\000\040\000A\000n\000a\000l\000y\000s\000i\000s}{}% 15
\BOOKMARK [1][-]{section.2.1}{\376\377\000I\000n\000t\000r\000o\000d\000u\000c\000t\000i\000o\000n}{section*.12}% 16
\BOOKMARK [1][-]{section.2.2}{\376\377\000N\000e\000e\000d\000s\000\040\000I\000d\000e\000n\000t\000i\000f\000i\000c\000a\000t\000i\000o\000n}{section*.12}% 17
\BOOKMARK [1][-]{section.2.3}{\376\377\000F\000u\000n\000c\000t\000i\000o\000n\000a\000l\000\040\000R\000e\000q\000u\000i\000r\000e\000m\000e\000n\000t\000s\000\040\000S\000p\000e\000c\000i\000f\000i\000c\000a\000t\000i\000o\000n\000:}{section*.12}% 18
\BOOKMARK [1][-]{section.2.4}{\376\377\000N\000o\000n\000-\000F\000u\000n\000c\000t\000i\000o\000n\000a\000l\000\040\000R\000e\000q\000u\000i\000r\000e\000m\000e\000n\000t\000s\000\040\000S\000p\000e\000c\000i\000f\000i\000c\000a\000t\000i\000o\000n\000:}{section*.12}% 19
\BOOKMARK [1][-]{section.2.5}{\376\377\000C\000o\000n\000c\000l\000u\000s\000i\000o\000n}{section*.12}% 20
\BOOKMARK [0][-]{section*.13}{\376\377\000C\000h\000a\000p\000t\000e\000r\000\040\000I\000I\000I\000:\000\040\000A\000n\000a\000l\000y\000s\000i\000s\000\040\000a\000n\000d\000\040\000D\000e\000s\000i\000g\000n}{}% 21
\BOOKMARK [1][-]{section.3.1}{\376\377\000I\000n\000f\000r\000a\000s\000t\000r\000u\000c\000t\000u\000r\000e\000\040\000C\000o\000m\000p\000o\000n\000e\000n\000t\000\040\000D\000i\000a\000g\000r\000a\000m}{section*.13}% 22
\BOOKMARK [1][-]{section.3.2}{\376\377\000A\000p\000p\000l\000i\000c\000a\000t\000i\000o\000n\000\040\000D\000e\000p\000l\000o\000y\000m\000e\000n\000t\000\040\000W\000o\000r\000k\000f\000l\000o\000w\000s}{section*.13}% 23
\BOOKMARK [2][-]{subsection.3.2.1}{\376\377\000H\000e\000a\000l\000t\000h\000C\000o\000r\000e\000\040\000W\000o\000r\000k\000f\000l\000o\000w}{section.3.2}% 24
\BOOKMARK [2][-]{subsection.3.2.2}{\376\377\000N\000e\000u\000r\000o\000T\000a\000l\000k\000\040\000W\000o\000r\000k\000f\000l\000o\000w}{section.3.2}% 25
\BOOKMARK [1][-]{section.3.3}{\376\377\000C\000o\000n\000c\000l\000u\000s\000i\000o\000n}{section*.13}% 26
\BOOKMARK [0][-]{section*.18}{\376\377\000C\000h\000a\000p\000t\000e\000r\000\040\000I\000V\000:\000\040\000I\000m\000p\000l\000e\000m\000e\000n\000t\000a\000t\000i\000o\000n}{}% 27
\BOOKMARK [1][-]{section.4.1}{\376\377\000T\000o\000o\000l\000s\000\040\000U\000s\000e\000d}{section*.18}% 28
\BOOKMARK [2][-]{subsection.4.1.1}{\376\377\000S\000o\000f\000t\000w\000a\000r\000e\000\040\000R\000e\000s\000o\000u\000r\000c\000e\000s\000:}{section.4.1}% 29
\BOOKMARK [2][-]{subsection.4.1.2}{\376\377\000P\000r\000o\000g\000r\000a\000m\000m\000i\000n\000g\000\040\000L\000a\000n\000g\000u\000a\000g\000e\000s\000:}{section.4.1}% 30
\BOOKMARK [2][-]{subsection.4.1.3}{\376\377\000S\000u\000p\000p\000o\000r\000t\000i\000n\000g\000\040\000T\000o\000o\000l\000s\000:}{section.4.1}% 31
\BOOKMARK [1][-]{section.4.2}{\376\377\000S\000e\000t\000\040\000u\000p\000\040\000a\000n\000d\000\040\000C\000o\000n\000f\000i\000g\000u\000r\000a\000t\000i\000o\000n}{section*.18}% 32
\BOOKMARK [2][-]{subsection.4.2.1}{\376\377\000C\000l\000u\000s\000t\000e\000r\000\040\000D\000a\000s\000h\000b\000o\000a\000r\000d\000\040\000\050\000R\000a\000n\000c\000h\000e\000r\000\051}{section.4.2}% 33
\BOOKMARK [2][-]{subsection.4.2.2}{\376\377\000P\000r\000o\000j\000e\000c\000t\000s\000\040\000a\000n\000d\000\040\000N\000a\000m\000e\000s\000p\000a\000c\000e\000s}{section.4.2}% 34
\BOOKMARK [2][-]{subsection.4.2.3}{\376\377\000C\000o\000n\000t\000a\000i\000n\000e\000r\000\040\000R\000e\000g\000i\000s\000t\000r\000y\000\040\000\050\000H\000a\000r\000b\000o\000r\000\051}{section.4.2}% 35
\BOOKMARK [2][-]{subsection.4.2.4}{\376\377\000G\000i\000t\000O\000p\000s\000\040\000D\000a\000s\000h\000b\000o\000a\000r\000d\000\040\000\050\000A\000r\000g\000o\000\040\000C\000D\000\051}{section.4.2}% 36
\BOOKMARK [2][-]{subsection.4.2.5}{\376\377\000O\000b\000j\000e\000c\000t\000\040\000S\000t\000o\000r\000a\000g\000e\000\040\000\050\000M\000i\000n\000I\000O\000\051}{section.4.2}% 37
\BOOKMARK [2][-]{subsection.4.2.6}{\376\377\000R\000e\000l\000a\000t\000i\000o\000n\000a\000l\000\040\000D\000a\000t\000a\000b\000a\000s\000e\000\040\000\050\000P\000o\000s\000t\000g\000r\000e\000S\000Q\000L\000\051}{section.4.2}% 38
\BOOKMARK [2][-]{subsection.4.2.7}{\376\377\000P\000e\000r\000s\000i\000s\000t\000e\000n\000t\000\040\000V\000o\000l\000u\000m\000e\000s\000\040\000\050\000P\000V\000C\000s\000\051}{section.4.2}% 39
\BOOKMARK [2][-]{subsection.4.2.8}{\376\377\000W\000o\000r\000k\000l\000o\000a\000d\000\040\000L\000a\000y\000o\000u\000t\000\040\000\050\000N\000e\000u\000r\000o\000T\000a\000l\000k\000\040\000s\000t\000a\000c\000k\000\051}{section.4.2}% 40
\BOOKMARK [2][-]{subsection.4.2.9}{\376\377\000M\000i\000n\000I\000O\000\040\000K\000u\000b\000e\000r\000n\000e\000t\000e\000s\000\040\000M\000a\000n\000i\000f\000e\000s\000t\000s}{section.4.2}% 41
\BOOKMARK [2][-]{subsection.4.2.10}{\376\377\000P\000o\000s\000t\000g\000r\000e\000S\000Q\000L\000\040\000a\000n\000d\000\040\000p\000g\000A\000d\000m\000i\000n\000\040\000M\000a\000n\000i\000f\000e\000s\000t\000s}{section.4.2}% 42
\BOOKMARK [2][-]{subsection.4.2.11}{\376\377\000S\000e\000c\000u\000r\000i\000t\000y\000\040\000a\000n\000d\000\040\000O\000p\000e\000r\000a\000t\000i\000o\000n\000s\000\040\000H\000i\000g\000h\000l\000i\000g\000h\000t\000s}{section.4.2}% 43
\BOOKMARK [1][-]{section.4.3}{\376\377\000B\000e\000n\000c\000h\000m\000a\000r\000k}{section*.18}% 44
\BOOKMARK [1][-]{section.4.4}{\376\377\000C\000o\000n\000c\000l\000u\000s\000i\000o\000n}{section*.18}% 45
\BOOKMARK [1][-]{section*.35}{\376\377\000G\000e\000n\000e\000r\000a\000l\000\040\000C\000o\000n\000c\000l\000u\000s\000i\000o\000n}{section*.18}% 46
